<html>
<body>
<pre>
<h1>µVision Build Log</h1>
<h2>Tool Versions:</h2>
IDE-Version: µVision V5.24.2.0
Copyright (C) 2017 ARM Ltd and ARM Germany GmbH. All rights reserved.
License Information: UW Madison CAE Flex license: MDK-ARM Professional: 100 user(s) (mdk_pro) Operation stops: 20 Nov 2020
 
Tool Versions:
Toolchain:       MDK-ARM Professional: 100 user(s)  Version: 5.24.1
Toolchain Path:  C:\Keil_v5\ARM\ARMCC\Bin
C Compiler:      Armcc.exe V5.06 update 5 (build 528)
Assembler:       Armasm.exe V5.06 update 5 (build 528)
Linker/Locator:  ArmLink.exe V5.06 update 5 (build 528)
Library Manager: ArmAr.exe V5.06 update 5 (build 528)
Hex Converter:   FromElf.exe V5.06 update 5 (build 528)
CPU DLL:         SARMCM3.DLL V5.24.1
Dialog DLL:      DCM.DLL V1.16.0.0
Target DLL:      lmidk-agdi.dll V???
Dialog DLL:      TCM.DLL V1.32.0.0
 
<h2>Project:</h2>
I:\WIN\Desktop\ECE 353\ICE_Distribution\Project\Project.uvprojx
Project File Date:  12/09/2019

<h2>Output:</h2>
*** Using Compiler 'V5.06 update 5 (build 528)', folder: 'C:\Keil_v5\ARM\ARMCC\Bin'
Rebuild target 'Project-F19'
compiling io_expander.c...
compiling project_interrupts.c...
compiling project_hardware_init.c...
project_hardware_init.c(47): warning:  #188-D: enumerated type mixed with another type
  	
VIC_EnableIRQ(irq);
project_hardware_init.c(48): warning:  #188-D: enumerated type mixed with another type
  	
VIC_SetPriority(irq, 0);
project_hardware_init.c(78): warning:  #188-D: enumerated type mixed with another type
    
VIC_EnableIRQ(irq);
project_hardware_init.c(79): warning:  #188-D: enumerated type mixed with another type
    
VIC_SetPriority(irq, 1);
project_hardware_init.c(210): warning:  #223-D: function "DisableInterrupts" declared implicitly
  	DisableInterrupts();
project_hardware_init.c(212): warning:  #223-D: function "EnableInterrupts" declared implicitly
  	EnableInterrupts();
project_hardware_init.c: 6 warnings, 0 errors
compiling project_images.c...
compiling main.c...
main.c(819): warning:  #223-D: function "project_initialize_hardware" declared implicitly
  	project_initialize_hardware();
main.c: 1 warning, 0 errors
compiling pc_buffer.c...
compiling adc.c...
compiling gpio_port.c...
..\drivers\c\gpio_port.c(82): warning:  #188-D: enumerated type mixed with another type
         return 0;
..\drivers\c\gpio_port.c: 1 warning, 0 errors
compiling i2c.c...
compiling spi.c...
compiling timers.c...
compiling uart.c...
..\drivers\c\uart.c(184): warning:  #188-D: enumerated type mixed with another type
         return 0;
..\drivers\c\uart.c: 1 warning, 0 errors
compiling accel.c...
compiling eeprom.c...
compiling ft6x06.c...
compiling launchpad_io.c...
assembling ws2812b.s...
compiling lcd.c...
compiling ps2.c...
compiling serial_debug.c...
compiling spi_select.c...
assembling startup_TM4C123.s...
compiling system_TM4C123.c...
linking...
Program Size: Code=21268 RO-data=12604 RW-data=136 ZI-data=4128  
".\obj\ece353_base_project.axf" - 0 Error(s), 9 Warning(s).

<h2>Software Packages used:</h2>

Package Vendor: ARM
                http://www.keil.com/pack/ARM.CMSIS.5.0.1.pack
                ARM.CMSIS.5.0.1
                CMSIS (Cortex Microcontroller Software Interface Standard)
   * Component: CORE Version: 5.0.1

Package Vendor: Keil
                http://www.keil.com/pack/Keil.TM4C_DFP.1.1.0.pack
                Keil.TM4C_DFP.1.1.0
                Texas Instruments Tiva C Series Device Support and Examples
   * Component: Startup Version: 1.0.1

<h2>Collection of Component include folders:</h2>
  .\RTE\_Project-F19
  C:\Keil_v5\ARM\PACK\ARM\CMSIS\5.0.1\CMSIS\Include
  C:\Keil_v5\ARM\PACK\Keil\TM4C_DFP\1.1.0\Device\Include\TM4C123

<h2>Collection of Component Files used:</h2>

   * Component: Keil::Device:Startup:1.0.1
      Source file:   Device\Source\system_TM4C123.c
      Source file:   Device\Source\ARM\startup_TM4C123.s
      Include file:  Device\Include\TM4C123\TM4C123.h

   * Component: ARM::CMSIS:CORE:5.0.1
Build Time Elapsed:  00:00:06
</pre>
</body>
</html>
